[app.prntscr.com/en/index.html]
[backblue.gif]
[fade.gif]
[index.html]
[st.prntscr.com/2023/07/24/0635/css/main.css]
[www.google-analytics.com/analytics.js]
[app.prntscr.com/en/download.html]
[st.prntscr.com/2023/07/24/0635/img/media-screen-1.jpg]
[st.prntscr.com/2023/07/24/0635/js/script.mix.js]
[st.prntscr.com/2023/07/24/0635/js/jquery.1.8.2.min.js]
[st.prntscr.com/2023/07/24/0635/img/media-screen-2.jpg]
[app.prntscr.com/en/index-2.html]
[st.prntscr.com/2023/07/24/0635/img/media-screen-3.jpg]
[st.prntscr.com/2023/07/24/0635/img/footer-logo.png]
[app.prntscr.com/en/tutorials.html]
[app.prntscr.com/en/privacy.html]
[app.prntscr.com/en/terms-of-service.html]
[app.prntscr.com/en/faq.html]
[app.prntscr.com/en/help.html]
[app.prntscr.com/en/advertise.html]
[st.prntscr.com/2023/07/24/0635/css/jquery.smartbanner.css]
[app.prntscr.com/en/index.html]
[st.prntscr.com/2023/07/24/0635/js/jquery.smartbanner.js]
[st.prntscr.com/2023/07/24/0635/img/button-icon-sep.png]
[st.prntscr.com/2023/07/24/0635/img/button-download.png]
[st.prntscr.com/2023/07/24/0635/img/button-win.png]
[st.prntscr.com/2023/07/24/0635/img/button-mac.png]
[st.prntscr.com/2023/07/24/0635/img/page-bg.png]
[st.prntscr.com/2023/07/24/0635/img/icon-gallery.png]
[st.prntscr.com/2023/07/24/0635/img/icon-logout.png]
[st.prntscr.com/2023/07/24/0635/img/icon-facebook.png]
[st.prntscr.com/2023/07/24/0635/img/icon-camera.png]
[st.prntscr.com/2023/07/24/0635/img/icon-edit.png]
[st.prntscr.com/2023/07/24/0635/img/icon-abuse.png]
[st.prntscr.com/2023/07/24/0635/img/icon-reload.png]
[st.prntscr.com/2023/07/24/0635/img/icon-facebook_gscale.png]
[st.prntscr.com/2023/07/24/0635/img/icon-twitter_gscale.png]
[st.prntscr.com/2023/07/24/0635/img/header-logo.png]
[st.prntscr.com/2023/07/24/0635/img/icon-facebook-16.png]
[st.prntscr.com/2023/07/24/0635/img/icon-twitter-16.png]
[st.prntscr.com/2023/07/24/0635/img/icon-google-16.png]
[st.prntscr.com/2023/07/24/0635/img/header-downloads-bg.png]
[st.prntscr.com/2023/07/24/0635/img/shadow-top.png]
[st.prntscr.com/2023/07/24/0635/img/shadow-bottom.png]
[st.prntscr.com/2023/07/24/0635/img/dragplace-arrow.png]
[st.prntscr.com/2023/07/24/0635/img/twitter-logo.png]
[st.prntscr.com/2023/07/24/0635/img/logo-landing.png]
[st.prntscr.com/2023/07/24/0635/img/description-selected.png]
[st.prntscr.com/2023/07/24/0635/img/description-easy.png]
[st.prntscr.com/2023/07/24/0635/img/description-share.png]
[st.prntscr.com/2023/07/24/0635/img/description-editor.png]
[st.prntscr.com/2023/07/24/0635/img/description-similar.png]
[st.prntscr.com/2023/07/24/0635/img/description-platforms.png]
[st.prntscr.com/2023/07/24/0635/img/helper-button.png]
[st.prntscr.com/2023/07/24/0635/img/icon-lightshot-48.png]
[st.prntscr.com/2023/07/24/0635/img/helper-select.png]
[st.prntscr.com/2023/07/24/0635/img/helper-share.png]
[st.prntscr.com/2023/07/24/0635/img/twitter.gif]
[st.prntscr.com/2023/07/24/0635/img/facebook.gif]
[st.prntscr.com/2023/07/24/0635/img/cloud_bg.png]
[st.prntscr.com/2023/07/24/0635/img/button_bg.gif]
[st.prntscr.com/2023/07/24/0635/img/cloud_progressbar_bg.png]
[st.prntscr.com/2023/07/24/0635/img/cloud_progressbar_bg.gif]
[st.prntscr.com/2023/07/24/0635/img/cloud_progressbar_active.png]
[st.prntscr.com/2023/07/24/0635/img/cloud_progressbar_active.gif]
[st.prntscr.com/2023/07/24/0635/img/uploader_link_bg.gif]
[st.prntscr.com/2023/07/24/0635/img/cloud_bg@2x.png]
[st.prntscr.com/2023/07/24/0635/img/cloud_progressbar_bg@2x.png]
[st.prntscr.com/2023/07/24/0635/img/cloud_progressbar_active@2x.png]
[st.prntscr.com/2023/07/24/0635/img/uploader_link_bg@2x.gif]
[st.prntscr.com/2023/07/24/0635/css/main.css]
[app.prntscr.com/en/index-2.html]
[st.prntscr.com/2023/07/24/0635/img/download/win.png]
[st.prntscr.com/2023/07/24/0635/img/download/macos.png]
[st.prntscr.com/2023/07/24/0635/img/download/ubuntu.png]
[app.prntscr.com/en/wine-lightshot.html]
[st.prntscr.com/2023/07/24/0635/img/download/chrome.png]
[app.prntscr.com/en/download.html]
[st.prntscr.com/2023/07/24/0635/img/tutorials/ict-21.png]
[app.prntscr.com/en/tutorials.html]
[app.prntscr.com/en/privacy.html]
[app.prntscr.com/en/terms-of-service.html]
[app.prntscr.com/en/about-gallery.html]
[app.prntscr.com/en/hotkeys.html]
[app.prntscr.com/en/faq.html]
[app.prntscr.com/en/uninstall.html]
[app.prntscr.com/en/help.html]
[app.prntscr.com/en/advertise.html]
[st.prntscr.com/2023/07/24/0635/css/jquery.smartbanner.css]
[st.prntscr.com/2023/07/24/0635/img/cloud_progressbar_bg.html]
[st.prntscr.com/2023/07/24/0635/img/wine-lightshot/console.png]
[app.prntscr.com/en/learnmore.html]
[st.prntscr.com/2023/07/24/0635/img/wine-lightshot/ubuntu-wine-lightshot.png]
[app.prntscr.com/en/wine-lightshot.html]
[st.prntscr.com/2023/07/24/0635/img/about-gallery/gallery_500.jpg]
[st.prntscr.com/2023/07/24/0635/img/about-gallery/sign_in_menu.png]
[st.prntscr.com/2023/07/24/0635/img/about-gallery/gallery_choose_system_500.jpg]
[st.prntscr.com/2023/07/24/0635/img/about-gallery/sign_in_process.png]
[st.prntscr.com/2023/07/24/0635/img/about-gallery/sign_in_menu_success.png]
[app.prntscr.com/en/about-gallery.html]
[st.prntscr.com/2023/07/24/0635/img/hotkeyslist/prntscr.png]
[st.prntscr.com/2023/07/24/0635/img/hotkeyslist/mac_cmd.png]
[st.prntscr.com/2023/07/24/0635/img/hotkeyslist/mac_shift.png]
[st.prntscr.com/2023/07/24/0635/img/hotkeyslist/mac_9.png]
[st.prntscr.com/2023/07/24/0635/img/hotkeyslist/ctrl_key.png]
[st.prntscr.com/2023/07/24/0635/img/hotkeyslist/letter_c.png]
[st.prntscr.com/2023/07/24/0635/img/hotkeyslist/mac_c.png]
[st.prntscr.com/2023/07/24/0635/img/hotkeyslist/letter_s.png]
[st.prntscr.com/2023/07/24/0635/img/hotkeyslist/mac_s.png]
[st.prntscr.com/2023/07/24/0635/img/hotkeyslist/letter_e.png]
[st.prntscr.com/2023/07/24/0635/img/hotkeyslist/mac_e.png]
[st.prntscr.com/2023/07/24/0635/img/hotkeyslist/letter_d.png]
[st.prntscr.com/2023/07/24/0635/img/hotkeyslist/mac_d.png]
[st.prntscr.com/2023/07/24/0635/img/hotkeyslist/esc_key.png]
[st.prntscr.com/2023/07/24/0635/img/hotkeyslist/letter_x.png]
[st.prntscr.com/2023/07/24/0635/img/hotkeyslist/mac_x.png]
[st.prntscr.com/2023/07/24/0635/img/hotkeyslist/letter_a.png]
[st.prntscr.com/2023/07/24/0635/img/hotkeyslist/mac_a.png]
[app.prntscr.com/en/hotkeys.html]
[st.prntscr.com/2023/07/24/0635/img/uninstall-page/uninstall.png]
[app.prntscr.com/en/uninstall.html]
[app.prntscr.com/en/learnmore.html]
